<prover>
  <goal>
    <id>
      root
    </id>
    <active>
      true
    </active>
    <parent>
      .
    </parent>
    <k>
      \implies ( \and ( avl ( variable ( "H" ) { ArrayIntInt } , variable ( "X" ) { Int } , variable ( "F" ) { SetInt } , variable ( "MIN" ) { Int } , variable ( "MAX" ) { Int } , variable ( "Height" ) { Int } , variable ( "Balance" ) { Int } , .Patterns ) , .Patterns ) , \and ( bst ( variable ( "H" ) { ArrayIntInt } , variable ( "X" ) { Int } , variable ( "F" ) { SetInt } , variable ( "MIN" ) { Int } , variable ( "MAX" ) { Int } , .Patterns ) , .Patterns ) )
    </k>
    <strategy>
      success
    </strategy>
    <trace>
      .
    </trace>
  </goal>
</prover>
