<prover>
  <goal>
    <id>
      root
    </id>
    <active>
      true
    </active>
    <parent>
      .
    </parent>
    <k>
      \implies ( \and ( dllSegmentLeft ( variable ( "H" ) { ArrayIntInt } , variable ( "X" ) { Int } , variable ( "Y" ) { Int } , variable ( "F" ) { SetInt } , .Patterns ) , dll ( variable ( "H" ) { ArrayIntInt } , variable ( "Y" ) { Int } , variable ( "G" ) { SetInt } , .Patterns ) , \equals ( variable ( "K" ) { SetInt } , union ( variable ( "F" ) { SetInt } , variable ( "G" ) { SetInt } ) ) , disjoint ( variable ( "F" ) { SetInt } , variable ( "G" ) { SetInt } ) , .Patterns ) , \and ( dll ( variable ( "H" ) { ArrayIntInt } , variable ( "X" ) { Int } , variable ( "K" ) { SetInt } , .Patterns ) , .Patterns ) )
    </k>
    <strategy>
      success
    </strategy>
    <trace>
      .
    </trace>
  </goal>
</prover>
