<prover>
  <goal>
    <id>
      root
    </id>
    <active>
      true
    </active>
    <parent>
      .
    </parent>
    <k>
      \implies ( \and ( \equals ( variable ( "S" ) { SetInt } , emptyset ) , .Patterns ) , \and ( isEmpty ( variable ( "S" ) { SetInt } , .Patterns ) , .Patterns ) )
    </k>
    <strategy>
      success
    </strategy>
    <trace>
      .
    </trace>
  </goal>
</prover>
