<prover>
  <goal>
    <id>
      0
    </id>
    <active>
      true
    </active>
    <parent>
      -1
    </parent>
    <k>
      \implies ( \and ( listSortedLength ( variable ( "H" ) { ArrayIntInt } , variable ( "X" ) { Int } , variable ( "K" ) { SetInt } , variable ( "MIN" ) { Int } , variable ( "Length" ) { Int } , .Patterns ) , .Patterns ) , \and ( listLength ( variable ( "H" ) { ArrayIntInt } , variable ( "X" ) { Int } , variable ( "K" ) { SetInt } , variable ( "Length" ) { Int } , .Patterns ) , .Patterns ) )
    </k>
    <strategy>
      success
    </strategy>
    <trace>
      .
    </trace>
  </goal>
</prover>
