<prover>
  <goal>
    <id>
      root
    </id>
    <active>
      true
    </active>
    <parent>
      .
    </parent>
    <k>
      \implies ( \and ( listSegmentRight ( variable ( "H" ) { ArrayIntInt } , variable ( "X" ) { Int } , variable ( "Y" ) { Int } , variable ( "F" ) { SetInt } , .Patterns ) , .Patterns ) , \and ( listSegmentLeft ( variable ( "H" ) { ArrayIntInt } , variable ( "X" ) { Int } , variable ( "Y" ) { Int } , variable ( "F" ) { SetInt } , .Patterns ) , .Patterns ) )
    </k>
    <strategy>
      success
    </strategy>
    <trace>
      .
    </trace>
  </goal>
</prover>
