Warning: "dl.maude", line 3: bad token p.
Warning: "dl.maude", line 3: no parse for term.
Warning: "dl.maude", line 5: bad token p.
Warning: "dl.maude", line 5: no parse for term.
Bye.
